// Jest Snapshot v1, https://goo.gl/fbAQLP

exports[`<Tile.Media /> create tile media component 1`] = `
<div
  className="fd-tile__media green"
>
  <span
    className="fd-identifier--m sap-icon--home fd-has-background-color-accent-3"
    role="presentation"
  />
</div>
`;
