// Jest Snapshot v1, https://goo.gl/fbAQLP

exports[`<ListIcon /> create list Icon item 1`] = `
<span
  className="fd-list__icon sap-icon--accept"
/>
`;
