// Jest Snapshot v1, https://goo.gl/fbAQLP

exports[`<FormSet /> create form item 1`] = `
<div
  className="fd-form-group"
>
  <div
    className="fd-form-item fd-form-item--horizontal"
  >
    <label
      className="fd-form-label"
      forAttr="input-1"
    >
      Default Input
    </label>
    <input
      className="fd-input"
      id="input-1"
      placeholder="Field placeholder text"
      type="text"
    />
  </div>
  <div
    className="fd-form-item"
  >
    <label
      aria-required={true}
      className="fd-form-label fd-form-label--required"
      forAttr="input-1"
    >
      Default Input
    </label>
    <div
      className="fd-popover"
      style={
        Object {
          "display": "block",
        }
      }
    >
      <div
        onFocus={[Function]}
        onMouseDown={[Function]}
        onTouchStart={[Function]}
      >
        <div
          className="fd-popover__control"
        >
          <input
            aria-controls="input-1"
            aria-expanded={false}
            aria-haspopup={true}
            className="fd-input is-warning"
            id="input-1"
            onClick={[Function]}
            onKeyPress={[Function]}
            placeholder="Field placeholder text"
            role="button"
            tabIndex={0}
            type="text"
          />
        </div>
      </div>
    </div>
    <textarea
      className="fd-textarea blue"
      id="textarea-1"
    >
      Pellentesque metus lacus commodo eget justo ut rutrum varius nunc.
    </textarea>
    <textarea
      className="fd-textarea"
      id="textarea-2"
    >
      Pellentesque metus lacus commodo eget justo ut rutrum varius nunc.
    </textarea>
    <select
      className="fd-form-select"
      id="select-1"
    >
      <option
        value="1"
      >
        Duis malesuada odio volutpat elementum
      </option>
      <option
        value="2"
      >
        Suspendisse ante ligula
      </option>
      <option
        value="3"
      >
        Sed bibendum sapien at posuere interdum
      </option>
    </select>
    <select
      className="fd-form-select blue"
      disabled={true}
      id="select-1"
    >
      <option
        value="1"
      >
        Duis malesuada odio volutpat elementum
      </option>
    </select>
  </div>
</div>
`;

exports[`<FormSet /> create form item 2`] = `
<div
  className="fd-form-group blue"
>
  <div
    className="fd-form-item fd-form-item--horizontal"
  >
    <label
      className="fd-form-label"
      forAttr="input-1"
    >
      Default Input
    </label>
    <input
      className="fd-input"
      id="input-1"
      placeholder="Field placeholder text"
      type="text"
    />
  </div>
</div>
`;
