// Jest Snapshot v1, https://goo.gl/fbAQLP

exports[`<FormSelect /> create form item 1`] = `
<select
  className="fd-form-select blue"
  disabled={true}
  id="select-1"
>
  <option
    value="1"
  >
    Duis malesuada odio volutpat elementum
  </option>
</select>
`;
