// Jest Snapshot v1, https://goo.gl/fbAQLP

exports[`<FormRadioItem /> create form radio item 1`] = `
<div
  className="fd-form-item"
>
  <label
    className="fd-form-label"
  >
    <input
      className="fd-radio"
      id="radio-1"
      name="radio-group-1"
      type="radio"
      value="radio-1"
    />
    Option 1
    
  </label>
</div>
`;
