// Jest Snapshot v1, https://goo.gl/fbAQLP

exports[`<SideNavListItem /> create side navigation 1`] = `
<li
  className="fd-nested-list__item"
>
  <a
    className="fd-nested-list__link"
    href="#"
    onClick={[Function]}
  >
    <span
      className="fd-nested-list__title"
    >
      Item 1
    </span>
  </a>
</li>
`;
